--------- beginning of main
03-07 18:35:00.447  3553  3553 I etcher.fletcher: Late-enabling -Xcheck:jni
03-07 18:35:00.473  3553  3553 I etcher.fletcher: Using CollectorTypeCMC GC.
03-07 18:35:00.473  3553  3553 W etcher.fletcher: Unexpected CPU variant for x86: x86_64.
03-07 18:35:00.473  3553  3553 W etcher.fletcher: Known variants: atom, sandybridge, silvermont, goldmont, goldmont-plus, goldmont-without-sha-xsaves, tremont, kabylake, alderlake, default
03-07 18:35:00.485  3553  3553 D nativeloader: Load libframework-connectivity-tiramisu-jni.so using APEX ns com_android_tethering for caller /apex/com.android.tethering/javalib/framework-connectivity-t.jar: ok
03-07 18:35:00.668  3553  3553 D ApplicationLoaders: Returning zygote-cached class loader: /system_ext/framework/androidx.window.extensions.jar
03-07 18:35:00.668  3553  3553 D ApplicationLoaders: Returning zygote-cached class loader: /system_ext/framework/androidx.window.sidecar.jar
03-07 18:35:00.803  3553  3553 D nativeloader: Configuring clns-9 for other apk /data/app/~~48KkqQ4i3coIwWBWmOihoA==/com.fletcher.fletcher-5ug2rLCz_3AfIXsOYEgGrQ==/base.apk. target_sdk_version=36, uses_libraries=, library_path=/data/app/~~48KkqQ4i3coIwWBWmOihoA==/com.fletcher.fletcher-5ug2rLCz_3AfIXsOYEgGrQ==/lib/x86_64:/data/app/~~48KkqQ4i3coIwWBWmOihoA==/com.fletcher.fletcher-5ug2rLCz_3AfIXsOYEgGrQ==/base.apk!/lib/x86_64, permitted_path=/data:/mnt/expand:/data/user/0/com.fletcher.fletcher
03-07 18:35:00.805  3553  3553 I etcher.fletcher: AssetManager2(0x7c6a4c8e2958) locale list changing from [] to [en-US]
03-07 18:35:00.807  3553  3553 V GraphicsEnvironment: Currently set values for:
03-07 18:35:00.807  3553  3553 V GraphicsEnvironment:   angle_gl_driver_selection_pkgs=[]
03-07 18:35:00.807  3553  3553 V GraphicsEnvironment:   angle_gl_driver_selection_values=[]
03-07 18:35:00.807  3553  3553 V GraphicsEnvironment: com.fletcher.fletcher is not listed in per-application setting
03-07 18:35:00.807  3553  3553 V GraphicsEnvironment: ANGLE allowlist from config: com.dreamgames.royalmatch com.dts.freefiremax com.dxx.firenow com.gramgames.mergedragons com.ludo.king com.mojang.minecraftpe com.my.defense com.nintendo.zaka com.os.airforce com.playrix.fishdomdd.gplay io.teslatech.callbreak jp.konami.prospia net.peakgames.toonblast
03-07 18:35:00.807  3553  3553 V GraphicsEnvironment: com.fletcher.fletcher is not listed in ANGLE allowlist or settings, returning default
03-07 18:35:00.807  3553  3553 V GraphicsEnvironment: Neither updatable production driver nor prerelease driver is supported.
--------- beginning of system
03-07 18:35:00.832  3553  3602 I DisplayManager: Choreographer implicitly registered for the refresh rate.
03-07 18:35:00.836  3553  3553 I etcher.fletcher: AssetManager2(0x7c6a4c8e2318) locale list changing from [] to [en-US]
03-07 18:35:00.847  3553  3553 E ashmem  : Pinning is deprecated since Android Q. Please use trim or other methods.
03-07 18:35:00.852  3553  3602 I EGL_emulation: Opening libGLESv1_CM_emulation.so
03-07 18:35:00.852  3553  3602 I EGL_emulation: Opening libGLESv2_emulation.so
03-07 18:35:00.860  3553  3602 W HWUI    : Failed to choose config with EGL_SWAP_BEHAVIOR_PRESERVED, retrying without...
03-07 18:35:00.860  3553  3602 W HWUI    : Failed to initialize 101010-2 format, error = EGL_SUCCESS
03-07 18:35:00.882  3553  3604 D FlutterJNI: Beginning load of flutter...
03-07 18:35:00.885  3553  3605 I ResourceExtractor: Found extracted resources res_timestamp-1-1772936957433
03-07 18:35:00.885  3553  3605 I ResourceExtractor: Resource version mismatch res_timestamp-1-1772937300347
03-07 18:35:00.908  3553  3604 D nativeloader: Load /data/app/~~48KkqQ4i3coIwWBWmOihoA==/com.fletcher.fletcher-5ug2rLCz_3AfIXsOYEgGrQ==/base.apk!/lib/x86_64/libflutter.so using class loader ns clns-9 (caller=/data/app/~~48KkqQ4i3coIwWBWmOihoA==/com.fletcher.fletcher-5ug2rLCz_3AfIXsOYEgGrQ==/base.apk): ok
03-07 18:35:00.909  3553  3604 D FlutterJNI: flutter (null) was loaded normally!
03-07 18:35:01.340  3553  3605 I ResourceExtractor: Extracted baseline resource assets/flutter_assets/kernel_blob.bin
03-07 18:35:01.341  3553  3605 I ResourceExtractor: Extracted baseline resource assets/flutter_assets/vm_snapshot_data
03-07 18:35:01.376  3553  3605 I ResourceExtractor: Extracted baseline resource assets/flutter_assets/isolate_snapshot_data
03-07 18:35:01.389  3553  3553 I etcher.fletcher: AssetManager2(0x7c6a4c8e0d38) locale list changing from [] to [en-US]
03-07 18:35:01.396  3553  3553 W etcher.fletcher: type=1400 audit(0.0:22): avc:  denied  { read } for  name="max_map_count" dev="proc" ino=16120 scontext=u:r:untrusted_app:s0:c224,c256,c512,c768 tcontext=u:object_r:proc_max_map_count:s0 tclass=file permissive=0 app=com.fletcher.fletcher
03-07 18:35:01.411  3553  3553 D DesktopModeFlags: Toggle override initialized to: OVERRIDE_UNSET
03-07 18:35:01.427  3553  3625 I flutter : [IMPORTANT:flutter/shell/platform/android/android_context_gl_impeller.cc(104)] Using the Impeller rendering backend (OpenGLES).
03-07 18:35:01.460  3553  3632 I flutter : The Dart VM service is listening on http://127.0.0.1:40183/v5t2OceT1OI=/
03-07 18:35:01.622  3553  3553 I etcher.fletcher: hiddenapi: Accessing hidden method Landroid/view/accessibility/AccessibilityNodeInfo;->getSourceNodeId()J (runtime_flags=0, domain=platform, api=unsupported,test-api) from Lio/flutter/view/AccessibilityViewEmbedder$ReflectionAccessors; (domain=app) using reflection: allowed
03-07 18:35:01.622  3553  3553 I etcher.fletcher: hiddenapi: Accessing hidden method Landroid/view/accessibility/AccessibilityRecord;->getSourceNodeId()J (runtime_flags=0, domain=platform, api=unsupported) from Lio/flutter/view/AccessibilityViewEmbedder$ReflectionAccessors; (domain=app) using reflection: allowed
03-07 18:35:01.622  3553  3553 I etcher.fletcher: hiddenapi: Accessing hidden field Landroid/view/accessibility/AccessibilityNodeInfo;->mChildNodeIds:Landroid/util/LongArray; (runtime_flags=0, domain=platform, api=unsupported) from Lio/flutter/view/AccessibilityViewEmbedder$ReflectionAccessors; (domain=app) using reflection: allowed
03-07 18:35:01.622  3553  3553 I etcher.fletcher: hiddenapi: Accessing hidden method Landroid/util/LongArray;->get(I)J (runtime_flags=0, domain=platform, api=unsupported) from Lio/flutter/view/AccessibilityViewEmbedder$ReflectionAccessors; (domain=app) using reflection: allowed
03-07 18:35:01.643  3553  3553 D CompatChangeReporter: Compat change id reported: 377864165; UID 10224; state: ENABLED
03-07 18:35:01.658  3553  3553 W HWUI    : Unknown dataspace 0
03-07 18:35:01.763  3553  3553 D AudioSystem: onNewService: media.audio_policy service obtained 0x7c693c96c460
03-07 18:35:01.765  3553  3553 D AudioSystem: getService: checking for service media.audio_policy: 0x7c693c96c460
03-07 18:35:01.793  3553  3553 I WindowExtensionsImpl: Initializing Window Extensions, vendor API level=9, activity embedding enabled=true
03-07 18:35:01.809  3553  3569 I etcher.fletcher: Compiler allocated 5042KB to compile void android.view.ViewRootImpl.performTraversals()
03-07 18:35:01.961  3553  3553 W FlutterWebRTCPlugin: audioFocusChangeListener [Speakerphone(name=Speakerphone)] Speakerphone(name=Speakerphone)
03-07 18:35:02.293  3553  3553 I flutter : [SessionStorage] Stale session: room=e2e-fletcher-1772936959207 age=329s > threshold=120s
03-07 18:35:02.294  3553  3553 I flutter : [Fletcher] Room: e2e-fletcher-1772937302294 (new)
03-07 18:35:02.294  3553  3553 I flutter : [UrlResolver] Racing 3 URLs: ws://192.168.87.59:7880, ws://100.87.219.109:7880, ws://10.0.2.2:7880
03-07 18:35:02.318  3553  3553 I flutter : [UrlResolver] Winner: ws://192.168.87.59:7880
03-07 18:35:02.373  3553  3553 D WindowLayoutComponentImpl: Register WindowLayoutInfoListener on Context=com.fletcher.fletcher.MainActivity@acedd91, of which baseContext=android.app.ContextImpl@2a945e7
03-07 18:35:02.392  3553  3553 I flutter : [SessionStorage] Device ID: device-BE2A.250530.026.D1
03-07 18:35:02.394  3553  3553 I flutter : [TokenService] Fetching token from http://192.168.87.59:7882/token?room=e2e-fletcher-1772937302294&identity=device-BE2A.250530.026.D1
03-07 18:35:02.423  3553  3553 I flutter : [TokenService] Token acquired for room=e2e-fletcher-1772937302294
03-07 18:35:02.518  3553  3553 D InsetsController: hide(ime(), fromIme=false)
03-07 18:35:02.519  3553  3553 I ImeTracker: com.fletcher.fletcher:72ec8bd4: onCancelled at PHASE_CLIENT_ALREADY_HIDDEN
03-07 18:35:02.527  3553  3553 I flutter : [Fletcher] Permissions: mic=granted bt=granted notif=granted
03-07 18:35:02.545  3553  3553 I flutter : [Fletcher] Connecting to ws://192.168.87.59:7880
03-07 18:35:02.551  3553  3553 I org.webrtc.Logging: NativeLibrary: Loading native library: jingle_peerconnection_so
03-07 18:35:02.551  3553  3553 I org.webrtc.Logging: NativeLibrary: Loading library: jingle_peerconnection_so
03-07 18:35:02.555  3553  3553 D nativeloader: Load /data/app/~~48KkqQ4i3coIwWBWmOihoA==/com.fletcher.fletcher-5ug2rLCz_3AfIXsOYEgGrQ==/base.apk!/lib/x86_64/libjingle_peerconnection_so.so using class loader ns clns-9 (caller=/data/app/~~48KkqQ4i3coIwWBWmOihoA==/com.fletcher.fletcher-5ug2rLCz_3AfIXsOYEgGrQ==/base.apk!classes17.dex): ok
03-07 18:35:02.567  3553  3553 D AudioSystem: onNewServiceWithAdapter: media.audio_flinger service obtained 0x7c68cc945220
03-07 18:35:02.569  3553  3553 D AudioSystem: getService: checking for service media.audio_flinger: 0x7c693c9271d0
03-07 18:35:02.833  3553  3648 D FlutterWebRTCPlugin: onIceGatheringChangeGATHERING
03-07 18:35:02.840  3553  3648 D FlutterWebRTCPlugin: onIceCandidate
03-07 18:35:02.840  3553  3648 D FlutterWebRTCPlugin: onIceCandidate
03-07 18:35:02.840  3553  3648 D FlutterWebRTCPlugin: onIceCandidate
03-07 18:35:02.840  3553  3648 D FlutterWebRTCPlugin: onIceCandidate
03-07 18:35:02.841  3553  3648 D FlutterWebRTCPlugin: onIceCandidate
03-07 18:35:02.841  3553  3648 D FlutterWebRTCPlugin: onIceCandidate
03-07 18:35:02.853  3553  3648 D FlutterWebRTCPlugin: onConnectionChangeCONNECTING
03-07 18:35:02.880  3553  3648 D FlutterWebRTCPlugin: onIceCandidate
03-07 18:35:02.880  3553  3648 D FlutterWebRTCPlugin: onIceCandidate
03-07 18:35:02.906  3553  3553 D MediaConstraintsUtils: mandatory constraints are not a map
03-07 18:35:02.906  3553  3553 D MediaConstraintsUtils: optional constraints are not an array
03-07 18:35:02.932  3553  3648 D FlutterWebRTCPlugin: onIceGatheringChangeGATHERING
03-07 18:35:02.932  3553  3648 D FlutterWebRTCPlugin: onIceCandidate
03-07 18:35:02.933  3553  3648 D FlutterWebRTCPlugin: onIceCandidate
03-07 18:35:02.933  3553  3648 D FlutterWebRTCPlugin: onIceCandidate
03-07 18:35:02.933  3553  3648 D FlutterWebRTCPlugin: onIceCandidate
03-07 18:35:02.933  3553  3648 D FlutterWebRTCPlugin: onIceCandidate
03-07 18:35:02.933  3553  3648 D FlutterWebRTCPlugin: onIceCandidate
03-07 18:35:02.942  3553  3648 D FlutterWebRTCPlugin: onIceCandidate
03-07 18:35:02.944  3553  3648 D FlutterWebRTCPlugin: onIceCandidate
03-07 18:35:02.952  3553  3648 D FlutterWebRTCPlugin: onIceCandidate
03-07 18:35:02.952  3553  3648 D FlutterWebRTCPlugin: onConnectionChangeCONNECTING
03-07 18:35:02.952  3553  3648 D FlutterWebRTCPlugin: onIceCandidate
03-07 18:35:03.033  3553  3648 D FlutterWebRTCPlugin: onIceCandidate
03-07 18:35:03.035  3553  3648 D FlutterWebRTCPlugin: onIceCandidate
03-07 18:35:03.036  3553  3648 D FlutterWebRTCPlugin: onIceCandidate
03-07 18:35:03.037  3553  3648 D FlutterWebRTCPlugin: onIceCandidate
03-07 18:35:03.288  3553  3648 D FlutterWebRTCPlugin: onSelectedCandidatePairChanged
03-07 18:35:03.289  3553  3648 D FlutterWebRTCPlugin: onIceGatheringChangeCOMPLETE
03-07 18:35:03.382  3553  3553 I flutter : [Fletcher] Remote participant connected: agent-AJ_xvfAEYmPys65
03-07 18:35:03.389  3553  3648 D FlutterWebRTCPlugin: onSelectedCandidatePairChanged
03-07 18:35:03.389  3553  3648 D FlutterWebRTCPlugin: onIceGatheringChangeCOMPLETE
03-07 18:35:03.393  3553  3648 D FlutterWebRTCPlugin: onConnectionChangeCONNECTED
03-07 18:35:03.972  3553  3648 D FlutterWebRTCPlugin: onConnectionChangeCONNECTED
03-07 18:35:03.980  3553  3553 I flutter : [Fletcher] Connected to room
03-07 18:35:03.980  3553  3553 I flutter : [Fletcher] Room joined: participants=1 agent=true
03-07 18:35:04.003  3553  3553 D MediaConstraintsUtils: mandatory constraints are not a map
03-07 18:35:04.003  3553  3553 I FlutterWebRTCPlugin: getUserMedia(audio): mandatory: [], optional: [echoCancellation: true, noiseSuppression: true, autoGainControl: true, voiceIsolation: true, googDAEchoCancellation: true, googEchoCancellation: true, googEchoCancellation2: true, googNoiseSuppression: true, googNoiseSuppression2: true, googAutoGainControl: true, googHighpassFilter: true, googTypingNoiseDetection: true]
03-07 18:35:04.004  3553  3553 D FlutterWebRTCPlugin: MediaStream id: dd412163-8f2c-4f5b-8d3d-11b6cedfd954
03-07 18:35:04.026  3553  3648 D FlutterWebRTCPlugin: onAddTrack
03-07 18:35:04.027  3553  3648 D FlutterWebRTCPlugin: onAddTrack
03-07 18:35:04.036  3553  3553 I flutter : [Fletcher] Track subscribed: TrackType.AUDIO from agent-AJ_xvfAEYmPys65
03-07 18:35:04.043  3553  3553 I flutter : [Fletcher] Track subscribed: TrackType.AUDIO from agent-AJ_xvfAEYmPys65
03-07 18:35:04.358  3553  3553 I flutter : [Fletcher] Audio config: AEC=on NS=on AGC=on voiceIsolation=on highPass=on bitrate=speech(24k) dtx=on
03-07 18:35:04.358  3553  3553 I flutter : [Fletcher] Network status: online=true
03-07 18:35:04.374  3553  3553 D MediaConstraintsUtils: mandatory constraints are not a map
03-07 18:35:04.374  3553  3553 D MediaConstraintsUtils: optional constraints are not an array
03-07 18:35:04.416  3553  3553 I flutter : [Fletcher] Foreground service started
03-07 18:35:04.419  3553  3553 W FlutterWebRTCPlugin: audioFocusChangeListener [Speakerphone(name=Speakerphone)] Speakerphone(name=Speakerphone)
03-07 18:35:04.426  3553  3553 I flutter : [Fletcher] Device change detected — debouncing (2s)
03-07 18:35:04.434  3553  3806 I flutter : [IMPORTANT:flutter/shell/platform/android/android_context_gl_impeller.cc(104)] Using the Impeller rendering backend (OpenGLES).
03-07 18:35:04.437  3553  3553 I flutter : [SessionStorage] Saved session: room=e2e-fletcher-1772937302294
03-07 18:35:06.258  3553  3820 D ProfileInstaller: Installing profile for com.fletcher.fletcher
03-07 18:35:06.428  3553  3553 I flutter : [Fletcher] Audio device changed — refreshing audio track
03-07 18:35:07.434  3553  3553 D FlutterWebRTCPlugin: trackDispose() track is null
03-07 18:35:07.439  3553  3553 D MediaConstraintsUtils: mandatory constraints are not a map
03-07 18:35:07.440  3553  3553 I FlutterWebRTCPlugin: getUserMedia(audio): mandatory: [], optional: [echoCancellation: true, noiseSuppression: true, autoGainControl: true, voiceIsolation: true, googDAEchoCancellation: true, googEchoCancellation: true, googEchoCancellation2: true, googNoiseSuppression: true, googNoiseSuppression2: true, googAutoGainControl: true, googHighpassFilter: true, googTypingNoiseDetection: true]
03-07 18:35:07.441  3553  3553 D FlutterWebRTCPlugin: MediaStream id: 758d7c2e-c2f5-4316-905e-0fbeb4cca70b
03-07 18:35:07.446  3553  3553 I flutter : [Fletcher] Audio track restarted successfully
03-07 18:35:07.447  3553  3553 I AudioManager: dispatching onAudioFocusChange(-1) to android.media.AudioManager@759b8acom.cloudwebrtc.webrtc.audio.AudioSwitchManager$$ExternalSyntheticLambda4@e3375fb
03-07 18:35:30.960  3553  3553 I flutter : [Fletcher] Mute toggled: muted=true
03-07 18:35:30.970  3553  3553 D FlutterWebRTCPlugin: trackDispose() track is null
