--------- beginning of main
02-27 09:40:04.358  7946  7946 I etcher.fletcher: Late-enabling -Xcheck:jni
02-27 09:40:04.382  7946  7946 I etcher.fletcher: Using CollectorTypeCMC GC.
02-27 09:40:04.382  7946  7946 W etcher.fletcher: Unexpected CPU variant for x86: x86_64.
02-27 09:40:04.382  7946  7946 W etcher.fletcher: Known variants: atom, sandybridge, silvermont, goldmont, goldmont-plus, goldmont-without-sha-xsaves, tremont, kabylake, alderlake, default
02-27 09:40:04.390  7946  7946 D nativeloader: Load libframework-connectivity-tiramisu-jni.so using APEX ns com_android_tethering for caller /apex/com.android.tethering/javalib/framework-connectivity-t.jar: ok
02-27 09:40:04.415  7946  7946 D ApplicationLoaders: Returning zygote-cached class loader: /system_ext/framework/androidx.window.extensions.jar
02-27 09:40:04.415  7946  7946 D ApplicationLoaders: Returning zygote-cached class loader: /system_ext/framework/androidx.window.sidecar.jar
02-27 09:40:04.477  7946  7946 D nativeloader: Configuring clns-9 for other apk /data/app/~~qzIjTTEjcBaj5iBbCmqXnA==/com.fletcher.fletcher-kQXKkz-fb8WY43X1kVNELA==/base.apk. target_sdk_version=36, uses_libraries=, library_path=/data/app/~~qzIjTTEjcBaj5iBbCmqXnA==/com.fletcher.fletcher-kQXKkz-fb8WY43X1kVNELA==/lib/x86_64:/data/app/~~qzIjTTEjcBaj5iBbCmqXnA==/com.fletcher.fletcher-kQXKkz-fb8WY43X1kVNELA==/base.apk!/lib/x86_64, permitted_path=/data:/mnt/expand:/data/user/0/com.fletcher.fletcher
02-27 09:40:04.479  7946  7946 I etcher.fletcher: AssetManager2(0x6fff4f38df38) locale list changing from [] to [en-US]
02-27 09:40:04.484  7946  7946 V GraphicsEnvironment: Currently set values for:
02-27 09:40:04.484  7946  7946 V GraphicsEnvironment:   angle_gl_driver_selection_pkgs=[]
02-27 09:40:04.484  7946  7946 V GraphicsEnvironment:   angle_gl_driver_selection_values=[]
02-27 09:40:04.484  7946  7946 V GraphicsEnvironment: com.fletcher.fletcher is not listed in per-application setting
02-27 09:40:04.484  7946  7946 V GraphicsEnvironment: ANGLE allowlist from config: com.dreamgames.royalmatch com.dts.freefiremax com.dxx.firenow com.gramgames.mergedragons com.ludo.king com.mojang.minecraftpe com.my.defense com.nintendo.zaka com.os.airforce com.playrix.fishdomdd.gplay io.teslatech.callbreak jp.konami.prospia net.peakgames.toonblast
02-27 09:40:04.484  7946  7946 V GraphicsEnvironment: com.fletcher.fletcher is not listed in ANGLE allowlist or settings, returning default
02-27 09:40:04.485  7946  7946 V GraphicsEnvironment: Neither updatable production driver nor prerelease driver is supported.
--------- beginning of system
02-27 09:40:04.495  7946  7962 I DisplayManager: Choreographer implicitly registered for the refresh rate.
02-27 09:40:04.496  7946  7946 I etcher.fletcher: AssetManager2(0x6fff4f388df8) locale list changing from [] to [en-US]
02-27 09:40:04.499  7946  7946 E ashmem  : Pinning is deprecated since Android Q. Please use trim or other methods.
02-27 09:40:04.503  7946  7965 I ResourceExtractor: Found extracted resources res_timestamp-1-1772213979002
02-27 09:40:04.503  7946  7964 D FlutterJNI: Beginning load of flutter...
02-27 09:40:04.517  7946  7964 D nativeloader: Load /data/app/~~qzIjTTEjcBaj5iBbCmqXnA==/com.fletcher.fletcher-kQXKkz-fb8WY43X1kVNELA==/base.apk!/lib/x86_64/libflutter.so using class loader ns clns-9 (caller=/data/app/~~qzIjTTEjcBaj5iBbCmqXnA==/com.fletcher.fletcher-kQXKkz-fb8WY43X1kVNELA==/base.apk): ok
02-27 09:40:04.518  7946  7964 D FlutterJNI: flutter (null) was loaded normally!
02-27 09:40:04.523  7946  7946 I etcher.fletcher: AssetManager2(0x6fff4f38fb58) locale list changing from [] to [en-US]
02-27 09:40:04.529  7946  7962 I EGL_emulation: Opening libGLESv1_CM_emulation.so
02-27 09:40:04.529  7946  7962 I EGL_emulation: Opening libGLESv2_emulation.so
02-27 09:40:04.524  7946  7946 W etcher.fletcher: type=1400 audit(0.0:39): avc:  denied  { read } for  name="max_map_count" dev="proc" ino=49575 scontext=u:r:untrusted_app:s0:c217,c256,c512,c768 tcontext=u:object_r:proc_max_map_count:s0 tclass=file permissive=0 app=com.fletcher.fletcher
02-27 09:40:04.548  7946  7946 D DesktopModeFlags: Toggle override initialized to: OVERRIDE_UNSET
02-27 09:40:04.549  7946  7962 W HWUI    : Failed to choose config with EGL_SWAP_BEHAVIOR_PRESERVED, retrying without...
02-27 09:40:04.549  7946  7962 W HWUI    : Failed to initialize 101010-2 format, error = EGL_SUCCESS
02-27 09:40:04.575  7946  7967 I flutter : [IMPORTANT:flutter/shell/platform/android/android_context_gl_impeller.cc(104)] Using the Impeller rendering backend (OpenGLES).
02-27 09:40:04.602  7946  7975 I flutter : The Dart VM service is listening on http://127.0.0.1:33929/bPc3qcd-uNw=/
02-27 09:40:04.712  7946  7946 I etcher.fletcher: hiddenapi: Accessing hidden method Landroid/view/accessibility/AccessibilityNodeInfo;->getSourceNodeId()J (runtime_flags=0, domain=platform, api=unsupported,test-api) from Lio/flutter/view/AccessibilityViewEmbedder$ReflectionAccessors; (domain=app) using reflection: allowed
02-27 09:40:04.712  7946  7946 I etcher.fletcher: hiddenapi: Accessing hidden method Landroid/view/accessibility/AccessibilityRecord;->getSourceNodeId()J (runtime_flags=0, domain=platform, api=unsupported) from Lio/flutter/view/AccessibilityViewEmbedder$ReflectionAccessors; (domain=app) using reflection: allowed
02-27 09:40:04.712  7946  7946 I etcher.fletcher: hiddenapi: Accessing hidden field Landroid/view/accessibility/AccessibilityNodeInfo;->mChildNodeIds:Landroid/util/LongArray; (runtime_flags=0, domain=platform, api=unsupported) from Lio/flutter/view/AccessibilityViewEmbedder$ReflectionAccessors; (domain=app) using reflection: allowed
02-27 09:40:04.712  7946  7946 I etcher.fletcher: hiddenapi: Accessing hidden method Landroid/util/LongArray;->get(I)J (runtime_flags=0, domain=platform, api=unsupported) from Lio/flutter/view/AccessibilityViewEmbedder$ReflectionAccessors; (domain=app) using reflection: allowed
02-27 09:40:04.718  7946  7946 D CompatChangeReporter: Compat change id reported: 377864165; UID 10217; state: ENABLED
02-27 09:40:04.722  7946  7946 W HWUI    : Unknown dataspace 0
02-27 09:40:04.789  7946  7946 D AudioSystem: onNewService: media.audio_policy service obtained 0x6ffe3f419430
02-27 09:40:04.790  7946  7946 D AudioSystem: getService: checking for service media.audio_policy: 0x6ffe3f419430
02-27 09:40:05.120  7946  7946 I Choreographer: Skipped 36 frames!  The application may be doing too much work on its main thread.
02-27 09:40:05.125  7946  7946 I WindowExtensionsImpl: Initializing Window Extensions, vendor API level=9, activity embedding enabled=true
02-27 09:40:05.133  7946  7951 I etcher.fletcher: Compiler allocated 5042KB to compile void android.view.ViewRootImpl.performTraversals()
02-27 09:40:05.286  7946  7946 W FlutterWebRTCPlugin: audioFocusChangeListener [Speakerphone(name=Speakerphone)] Speakerphone(name=Speakerphone)
02-27 09:40:05.345  7946  7946 I org.webrtc.Logging: NativeLibrary: Loading native library: jingle_peerconnection_so
02-27 09:40:05.345  7946  7946 I org.webrtc.Logging: NativeLibrary: Loading library: jingle_peerconnection_so
02-27 09:40:05.348  7946  7946 D nativeloader: Load /data/app/~~qzIjTTEjcBaj5iBbCmqXnA==/com.fletcher.fletcher-kQXKkz-fb8WY43X1kVNELA==/base.apk!/lib/x86_64/libjingle_peerconnection_so.so using class loader ns clns-9 (caller=/data/app/~~qzIjTTEjcBaj5iBbCmqXnA==/com.fletcher.fletcher-kQXKkz-fb8WY43X1kVNELA==/base.apk): ok
02-27 09:40:05.352  7946  7946 D AudioSystem: onNewServiceWithAdapter: media.audio_flinger service obtained 0x6ffe7f3fffc0
02-27 09:40:05.352  7946  7946 D AudioSystem: getService: checking for service media.audio_flinger: 0x6ffe3f3e6350
02-27 09:40:05.385  7946  7946 D WindowLayoutComponentImpl: Register WindowLayoutInfoListener on Context=com.fletcher.fletcher.MainActivity@2d6ba18, of which baseContext=android.app.ContextImpl@2f8d948
02-27 09:40:05.401  7946  7946 D InsetsController: hide(ime(), fromIme=false)
02-27 09:40:05.401  7946  7946 I ImeTracker: com.fletcher.fletcher:b13d2f74: onCancelled at PHASE_CLIENT_ALREADY_HIDDEN
02-27 09:40:05.528  7946  7986 D FlutterWebRTCPlugin: onIceGatheringChangeGATHERING
02-27 09:40:05.538  7946  7986 D FlutterWebRTCPlugin: onIceCandidate
02-27 09:40:05.538  7946  7986 D FlutterWebRTCPlugin: onIceCandidate
02-27 09:40:05.538  7946  7986 D FlutterWebRTCPlugin: onIceCandidate
02-27 09:40:05.538  7946  7986 D FlutterWebRTCPlugin: onIceCandidate
02-27 09:40:05.556  7946  7986 D FlutterWebRTCPlugin: onIceCandidate
02-27 09:40:05.561  7946  7986 D FlutterWebRTCPlugin: onConnectionChangeCONNECTING
02-27 09:40:05.615  7946  7946 D MediaConstraintsUtils: mandatory constraints are not a map
02-27 09:40:05.615  7946  7946 D MediaConstraintsUtils: optional constraints are not an array
02-27 09:40:05.639  7946  7986 D FlutterWebRTCPlugin: onIceCandidate
02-27 09:40:05.639  7946  7986 D FlutterWebRTCPlugin: onIceGatheringChangeGATHERING
02-27 09:40:05.640  7946  7986 D FlutterWebRTCPlugin: onIceCandidate
02-27 09:40:05.640  7946  7986 D FlutterWebRTCPlugin: onIceCandidate
02-27 09:40:05.640  7946  7986 D FlutterWebRTCPlugin: onIceCandidate
02-27 09:40:05.641  7946  7986 D FlutterWebRTCPlugin: onIceCandidate
02-27 09:40:05.641  7946  7986 D FlutterWebRTCPlugin: onIceCandidate
02-27 09:40:05.658  7946  7986 D FlutterWebRTCPlugin: onIceCandidate
02-27 09:40:05.679  7946  7986 D FlutterWebRTCPlugin: onConnectionChangeCONNECTING
02-27 09:40:05.741  7946  7986 D FlutterWebRTCPlugin: onIceCandidate
02-27 09:40:05.743  7946  7986 D FlutterWebRTCPlugin: onIceCandidate
02-27 09:40:05.743  7946  7986 D FlutterWebRTCPlugin: onIceCandidate
02-27 09:40:05.754  7946  7986 D FlutterWebRTCPlugin: onSelectedCandidatePairChanged
02-27 09:40:05.754  7946  7986 D FlutterWebRTCPlugin: onIceGatheringChangeCOMPLETE
02-27 09:40:05.871  7946  7986 D FlutterWebRTCPlugin: onSelectedCandidatePairChanged
02-27 09:40:05.871  7946  7986 D FlutterWebRTCPlugin: onIceGatheringChangeCOMPLETE
02-27 09:40:05.873  7946  7986 D FlutterWebRTCPlugin: onConnectionChangeCONNECTED
02-27 09:40:06.646  7946  7986 D FlutterWebRTCPlugin: onConnectionChangeCONNECTED
02-27 09:40:06.655  7946  7946 D MediaConstraintsUtils: mandatory constraints are not a map
02-27 09:40:06.656  7946  7946 I FlutterWebRTCPlugin: getUserMedia(audio): mandatory: [], optional: [echoCancellation: true, noiseSuppression: true, autoGainControl: true, voiceIsolation: true, googDAEchoCancellation: true, googEchoCancellation: true, googEchoCancellation2: true, googNoiseSuppression: true, googNoiseSuppression2: true, googAutoGainControl: true, googHighpassFilter: false, googTypingNoiseDetection: true]
02-27 09:40:06.657  7946  7946 D FlutterWebRTCPlugin: MediaStream id: ea043072-dd9c-4e98-a7ed-7a69a4e46d4a
02-27 09:40:06.778  7946  7946 D MediaConstraintsUtils: mandatory constraints are not a map
02-27 09:40:06.778  7946  7946 D MediaConstraintsUtils: optional constraints are not an array
02-27 09:40:10.642  7946  8119 D ProfileInstaller: Installing profile for com.fletcher.fletcher
02-27 09:40:54.949  7946  7946 D FlutterWebRTCPlugin: trackDispose() track is null
02-27 09:41:09.400  7946  7946 D MediaConstraintsUtils: mandatory constraints are not a map
02-27 09:41:09.400  7946  7946 I FlutterWebRTCPlugin: getUserMedia(audio): mandatory: [], optional: [echoCancellation: true, noiseSuppression: true, autoGainControl: true, voiceIsolation: true, googDAEchoCancellation: true, googEchoCancellation: true, googEchoCancellation2: true, googNoiseSuppression: true, googNoiseSuppression2: true, googAutoGainControl: true, googHighpassFilter: false, googTypingNoiseDetection: true]
02-27 09:41:09.401  7946  7946 D FlutterWebRTCPlugin: MediaStream id: e8515b01-1a57-480f-9b40-1985f0324fcd
02-27 09:42:25.395  7946  7946 W WindowOnBackDispatcher: sendCancelIfRunning: isInProgress=false callback=io.flutter.embedding.android.FlutterActivity$1@4dc8669
