--------- beginning of main
02-27 09:43:25.665  8661  8661 I etcher.fletcher: Late-enabling -Xcheck:jni
02-27 09:43:25.686  8661  8661 I etcher.fletcher: Using CollectorTypeCMC GC.
02-27 09:43:25.686  8661  8661 W etcher.fletcher: Unexpected CPU variant for x86: x86_64.
02-27 09:43:25.686  8661  8661 W etcher.fletcher: Known variants: atom, sandybridge, silvermont, goldmont, goldmont-plus, goldmont-without-sha-xsaves, tremont, kabylake, alderlake, default
02-27 09:43:25.694  8661  8661 D nativeloader: Load libframework-connectivity-tiramisu-jni.so using APEX ns com_android_tethering for caller /apex/com.android.tethering/javalib/framework-connectivity-t.jar: ok
02-27 09:43:25.709  8661  8661 D ApplicationLoaders: Returning zygote-cached class loader: /system_ext/framework/androidx.window.extensions.jar
02-27 09:43:25.709  8661  8661 D ApplicationLoaders: Returning zygote-cached class loader: /system_ext/framework/androidx.window.sidecar.jar
02-27 09:43:25.777  8661  8661 D nativeloader: Configuring clns-9 for other apk /data/app/~~qzIjTTEjcBaj5iBbCmqXnA==/com.fletcher.fletcher-kQXKkz-fb8WY43X1kVNELA==/base.apk. target_sdk_version=36, uses_libraries=, library_path=/data/app/~~qzIjTTEjcBaj5iBbCmqXnA==/com.fletcher.fletcher-kQXKkz-fb8WY43X1kVNELA==/lib/x86_64:/data/app/~~qzIjTTEjcBaj5iBbCmqXnA==/com.fletcher.fletcher-kQXKkz-fb8WY43X1kVNELA==/base.apk!/lib/x86_64, permitted_path=/data:/mnt/expand:/data/user/0/com.fletcher.fletcher
02-27 09:43:25.779  8661  8661 I etcher.fletcher: AssetManager2(0x6fff4f38df38) locale list changing from [] to [en-US]
02-27 09:43:25.781  8661  8661 V GraphicsEnvironment: Currently set values for:
02-27 09:43:25.781  8661  8661 V GraphicsEnvironment:   angle_gl_driver_selection_pkgs=[]
02-27 09:43:25.781  8661  8661 V GraphicsEnvironment:   angle_gl_driver_selection_values=[]
02-27 09:43:25.781  8661  8661 V GraphicsEnvironment: com.fletcher.fletcher is not listed in per-application setting
02-27 09:43:25.781  8661  8661 V GraphicsEnvironment: ANGLE allowlist from config: com.dreamgames.royalmatch com.dts.freefiremax com.dxx.firenow com.gramgames.mergedragons com.ludo.king com.mojang.minecraftpe com.my.defense com.nintendo.zaka com.os.airforce com.playrix.fishdomdd.gplay io.teslatech.callbreak jp.konami.prospia net.peakgames.toonblast
02-27 09:43:25.781  8661  8661 V GraphicsEnvironment: com.fletcher.fletcher is not listed in ANGLE allowlist or settings, returning default
02-27 09:43:25.781  8661  8661 V GraphicsEnvironment: Neither updatable production driver nor prerelease driver is supported.
--------- beginning of system
02-27 09:43:25.789  8661  8676 I DisplayManager: Choreographer implicitly registered for the refresh rate.
02-27 09:43:25.789  8661  8661 I etcher.fletcher: AssetManager2(0x6fff4f3842f8) locale list changing from [] to [en-US]
02-27 09:43:25.792  8661  8661 E ashmem  : Pinning is deprecated since Android Q. Please use trim or other methods.
02-27 09:43:25.797  8661  8678 D FlutterJNI: Beginning load of flutter...
02-27 09:43:25.797  8661  8679 I ResourceExtractor: Found extracted resources res_timestamp-1-1772213979002
02-27 09:43:25.805  8661  8678 D nativeloader: Load /data/app/~~qzIjTTEjcBaj5iBbCmqXnA==/com.fletcher.fletcher-kQXKkz-fb8WY43X1kVNELA==/base.apk!/lib/x86_64/libflutter.so using class loader ns clns-9 (caller=/data/app/~~qzIjTTEjcBaj5iBbCmqXnA==/com.fletcher.fletcher-kQXKkz-fb8WY43X1kVNELA==/base.apk): ok
02-27 09:43:25.805  8661  8678 D FlutterJNI: flutter (null) was loaded normally!
02-27 09:43:25.812  8661  8661 I etcher.fletcher: AssetManager2(0x6fff4f391a98) locale list changing from [] to [en-US]
02-27 09:43:25.813  8661  8676 I EGL_emulation: Opening libGLESv1_CM_emulation.so
02-27 09:43:25.813  8661  8676 I EGL_emulation: Opening libGLESv2_emulation.so
02-27 09:43:25.824  8661  8661 W etcher.fletcher: type=1400 audit(0.0:40): avc:  denied  { read } for  name="max_map_count" dev="proc" ino=49575 scontext=u:r:untrusted_app:s0:c217,c256,c512,c768 tcontext=u:object_r:proc_max_map_count:s0 tclass=file permissive=0 app=com.fletcher.fletcher
02-27 09:43:25.831  8661  8676 W HWUI    : Failed to choose config with EGL_SWAP_BEHAVIOR_PRESERVED, retrying without...
02-27 09:43:25.831  8661  8676 W HWUI    : Failed to initialize 101010-2 format, error = EGL_SUCCESS
02-27 09:43:25.853  8661  8661 D DesktopModeFlags: Toggle override initialized to: OVERRIDE_UNSET
02-27 09:43:25.868  8661  8681 I flutter : [IMPORTANT:flutter/shell/platform/android/android_context_gl_impeller.cc(104)] Using the Impeller rendering backend (OpenGLES).
02-27 09:43:25.892  8661  8688 I flutter : The Dart VM service is listening on http://127.0.0.1:38201/ZIxSM1wH07w=/
02-27 09:43:26.071  8661  8661 I etcher.fletcher: hiddenapi: Accessing hidden method Landroid/view/accessibility/AccessibilityNodeInfo;->getSourceNodeId()J (runtime_flags=0, domain=platform, api=unsupported,test-api) from Lio/flutter/view/AccessibilityViewEmbedder$ReflectionAccessors; (domain=app) using reflection: allowed
02-27 09:43:26.071  8661  8661 I etcher.fletcher: hiddenapi: Accessing hidden method Landroid/view/accessibility/AccessibilityRecord;->getSourceNodeId()J (runtime_flags=0, domain=platform, api=unsupported) from Lio/flutter/view/AccessibilityViewEmbedder$ReflectionAccessors; (domain=app) using reflection: allowed
02-27 09:43:26.071  8661  8661 I etcher.fletcher: hiddenapi: Accessing hidden field Landroid/view/accessibility/AccessibilityNodeInfo;->mChildNodeIds:Landroid/util/LongArray; (runtime_flags=0, domain=platform, api=unsupported) from Lio/flutter/view/AccessibilityViewEmbedder$ReflectionAccessors; (domain=app) using reflection: allowed
02-27 09:43:26.071  8661  8661 I etcher.fletcher: hiddenapi: Accessing hidden method Landroid/util/LongArray;->get(I)J (runtime_flags=0, domain=platform, api=unsupported) from Lio/flutter/view/AccessibilityViewEmbedder$ReflectionAccessors; (domain=app) using reflection: allowed
02-27 09:43:26.080  8661  8661 D CompatChangeReporter: Compat change id reported: 377864165; UID 10217; state: ENABLED
02-27 09:43:26.086  8661  8661 W HWUI    : Unknown dataspace 0
02-27 09:43:26.166  8661  8661 D AudioSystem: onNewService: media.audio_policy service obtained 0x6ffe3f3f3e60
02-27 09:43:26.167  8661  8661 D AudioSystem: getService: checking for service media.audio_policy: 0x6ffe3f3f3e60
02-27 09:43:26.496  8661  8661 I Choreographer: Skipped 42 frames!  The application may be doing too much work on its main thread.
02-27 09:43:26.500  8661  8661 I WindowExtensionsImpl: Initializing Window Extensions, vendor API level=9, activity embedding enabled=true
02-27 09:43:26.510  8661  8666 I etcher.fletcher: Compiler allocated 5042KB to compile void android.view.ViewRootImpl.performTraversals()
02-27 09:43:26.636  8661  8661 W FlutterWebRTCPlugin: audioFocusChangeListener [Speakerphone(name=Speakerphone)] Speakerphone(name=Speakerphone)
02-27 09:43:26.677  8661  8661 I org.webrtc.Logging: NativeLibrary: Loading native library: jingle_peerconnection_so
02-27 09:43:26.677  8661  8661 I org.webrtc.Logging: NativeLibrary: Loading library: jingle_peerconnection_so
02-27 09:43:26.680  8661  8661 D nativeloader: Load /data/app/~~qzIjTTEjcBaj5iBbCmqXnA==/com.fletcher.fletcher-kQXKkz-fb8WY43X1kVNELA==/base.apk!/lib/x86_64/libjingle_peerconnection_so.so using class loader ns clns-9 (caller=/data/app/~~qzIjTTEjcBaj5iBbCmqXnA==/com.fletcher.fletcher-kQXKkz-fb8WY43X1kVNELA==/base.apk): ok
02-27 09:43:26.682  8661  8661 D AudioSystem: onNewServiceWithAdapter: media.audio_flinger service obtained 0x6ffe7f400410
02-27 09:43:26.683  8661  8661 D AudioSystem: getService: checking for service media.audio_flinger: 0x6ffe3f3e6ee0
02-27 09:43:26.709  8661  8661 D WindowLayoutComponentImpl: Register WindowLayoutInfoListener on Context=com.fletcher.fletcher.MainActivity@2d6ba18, of which baseContext=android.app.ContextImpl@7fccdcf
02-27 09:43:26.836  8661  8661 D InsetsController: hide(ime(), fromIme=false)
02-27 09:43:26.836  8661  8661 I ImeTracker: com.fletcher.fletcher:2645f686: onCancelled at PHASE_CLIENT_ALREADY_HIDDEN
02-27 09:43:26.875  8661  8697 D FlutterWebRTCPlugin: onIceGatheringChangeGATHERING
02-27 09:43:26.878  8661  8697 D FlutterWebRTCPlugin: onIceCandidate
02-27 09:43:26.879  8661  8697 D FlutterWebRTCPlugin: onIceCandidate
02-27 09:43:26.888  8661  8697 D FlutterWebRTCPlugin: onIceCandidate
02-27 09:43:26.890  8661  8697 D FlutterWebRTCPlugin: onIceCandidate
02-27 09:43:26.900  8661  8697 D FlutterWebRTCPlugin: onConnectionChangeCONNECTING
02-27 09:43:26.905  8661  8697 D FlutterWebRTCPlugin: onIceCandidate
02-27 09:43:26.954  8661  8661 D MediaConstraintsUtils: mandatory constraints are not a map
02-27 09:43:26.954  8661  8661 D MediaConstraintsUtils: optional constraints are not an array
02-27 09:43:26.980  8661  8697 D FlutterWebRTCPlugin: onIceCandidate
02-27 09:43:26.980  8661  8697 D FlutterWebRTCPlugin: onIceGatheringChangeGATHERING
02-27 09:43:26.980  8661  8697 D FlutterWebRTCPlugin: onIceCandidate
02-27 09:43:26.981  8661  8697 D FlutterWebRTCPlugin: onIceCandidate
02-27 09:43:26.981  8661  8697 D FlutterWebRTCPlugin: onIceCandidate
02-27 09:43:26.982  8661  8697 D FlutterWebRTCPlugin: onIceCandidate
02-27 09:43:26.983  8661  8697 D FlutterWebRTCPlugin: onIceCandidate
02-27 09:43:26.991  8661  8697 D FlutterWebRTCPlugin: onIceCandidate
02-27 09:43:26.991  8661  8697 D FlutterWebRTCPlugin: onIceCandidate
02-27 09:43:26.996  8661  8697 D FlutterWebRTCPlugin: onConnectionChangeCONNECTING
02-27 09:43:26.999  8661  8697 D FlutterWebRTCPlugin: onIceCandidate
02-27 09:43:27.081  8661  8697 D FlutterWebRTCPlugin: onIceCandidate
02-27 09:43:27.081  8661  8697 D FlutterWebRTCPlugin: onIceCandidate
02-27 09:43:27.083  8661  8697 D FlutterWebRTCPlugin: onIceCandidate
02-27 09:43:27.092  8661  8697 D FlutterWebRTCPlugin: onSelectedCandidatePairChanged
02-27 09:43:27.092  8661  8697 D FlutterWebRTCPlugin: onIceGatheringChangeCOMPLETE
02-27 09:43:27.188  8661  8697 D FlutterWebRTCPlugin: onSelectedCandidatePairChanged
02-27 09:43:27.188  8661  8697 D FlutterWebRTCPlugin: onIceGatheringChangeCOMPLETE
02-27 09:43:27.189  8661  8697 D FlutterWebRTCPlugin: onConnectionChangeCONNECTED
02-27 09:43:28.032  8661  8697 D FlutterWebRTCPlugin: onConnectionChangeCONNECTED
02-27 09:43:28.043  8661  8661 D MediaConstraintsUtils: mandatory constraints are not a map
02-27 09:43:28.043  8661  8661 I FlutterWebRTCPlugin: getUserMedia(audio): mandatory: [], optional: [echoCancellation: true, noiseSuppression: true, autoGainControl: true, voiceIsolation: true, googDAEchoCancellation: true, googEchoCancellation: true, googEchoCancellation2: true, googNoiseSuppression: true, googNoiseSuppression2: true, googAutoGainControl: true, googHighpassFilter: false, googTypingNoiseDetection: true]
02-27 09:43:28.044  8661  8661 D FlutterWebRTCPlugin: MediaStream id: 53502442-57bf-486e-a1e9-f1775d74f310
02-27 09:43:28.166  8661  8661 D MediaConstraintsUtils: mandatory constraints are not a map
02-27 09:43:28.166  8661  8661 D MediaConstraintsUtils: optional constraints are not an array
02-27 09:43:31.677  8661  8808 D ProfileInstaller: Installing profile for com.fletcher.fletcher
