--------- beginning of main
02-26 21:30:27.753  8428  8428 I etcher.fletcher: Late-enabling -Xcheck:jni
02-26 21:30:27.774  8428  8428 I etcher.fletcher: Using CollectorTypeCMC GC.
02-26 21:30:27.776  8428  8428 W etcher.fletcher: Unexpected CPU variant for x86: x86_64.
02-26 21:30:27.776  8428  8428 W etcher.fletcher: Known variants: atom, sandybridge, silvermont, goldmont, goldmont-plus, goldmont-without-sha-xsaves, tremont, kabylake, alderlake, default
02-26 21:30:27.795  8428  8428 D nativeloader: Load libframework-connectivity-tiramisu-jni.so using APEX ns com_android_tethering for caller /apex/com.android.tethering/javalib/framework-connectivity-t.jar: ok
02-26 21:30:27.831  8428  8428 D ApplicationLoaders: Returning zygote-cached class loader: /system_ext/framework/androidx.window.extensions.jar
02-26 21:30:27.831  8428  8428 D ApplicationLoaders: Returning zygote-cached class loader: /system_ext/framework/androidx.window.sidecar.jar
02-26 21:30:27.897  8428  8428 D nativeloader: Configuring clns-9 for other apk /data/app/~~Bx8GkgqM_bTtL4tr3NmbOQ==/com.fletcher.fletcher-Kc5mD-tc021v0efOeXAzQw==/base.apk. target_sdk_version=36, uses_libraries=, library_path=/data/app/~~Bx8GkgqM_bTtL4tr3NmbOQ==/com.fletcher.fletcher-Kc5mD-tc021v0efOeXAzQw==/lib/x86_64:/data/app/~~Bx8GkgqM_bTtL4tr3NmbOQ==/com.fletcher.fletcher-Kc5mD-tc021v0efOeXAzQw==/base.apk!/lib/x86_64, permitted_path=/data:/mnt/expand:/data/user/0/com.fletcher.fletcher
02-26 21:30:27.899  8428  8428 I etcher.fletcher: AssetManager2(0x734186461458) locale list changing from [] to [en-US]
02-26 21:30:27.903  8428  8428 V GraphicsEnvironment: Currently set values for:
02-26 21:30:27.903  8428  8428 V GraphicsEnvironment:   angle_gl_driver_selection_pkgs=[]
02-26 21:30:27.903  8428  8428 V GraphicsEnvironment:   angle_gl_driver_selection_values=[]
02-26 21:30:27.903  8428  8428 V GraphicsEnvironment: com.fletcher.fletcher is not listed in per-application setting
02-26 21:30:27.903  8428  8428 V GraphicsEnvironment: ANGLE allowlist from config: com.dreamgames.royalmatch com.dts.freefiremax com.dxx.firenow com.gramgames.mergedragons com.ludo.king com.mojang.minecraftpe com.my.defense com.nintendo.zaka com.os.airforce com.playrix.fishdomdd.gplay io.teslatech.callbreak jp.konami.prospia net.peakgames.toonblast
02-26 21:30:27.903  8428  8428 V GraphicsEnvironment: com.fletcher.fletcher is not listed in ANGLE allowlist or settings, returning default
02-26 21:30:27.903  8428  8428 V GraphicsEnvironment: Neither updatable production driver nor prerelease driver is supported.
--------- beginning of system
02-26 21:30:27.913  8428  8443 I DisplayManager: Choreographer implicitly registered for the refresh rate.
02-26 21:30:27.914  8428  8428 I etcher.fletcher: AssetManager2(0x734186453cb8) locale list changing from [] to [en-US]
02-26 21:30:27.918  8428  8428 E ashmem  : Pinning is deprecated since Android Q. Please use trim or other methods.
02-26 21:30:27.925  8428  8445 D FlutterJNI: Beginning load of flutter...
02-26 21:30:27.926  8428  8446 I ResourceExtractor: Found extracted resources res_timestamp-1-1772164205337
02-26 21:30:27.926  8428  8446 I ResourceExtractor: Resource version mismatch res_timestamp-1-1772170195588
02-26 21:30:27.947  8428  8445 D nativeloader: Load /data/app/~~Bx8GkgqM_bTtL4tr3NmbOQ==/com.fletcher.fletcher-Kc5mD-tc021v0efOeXAzQw==/base.apk!/lib/x86_64/libflutter.so using class loader ns clns-9 (caller=/data/app/~~Bx8GkgqM_bTtL4tr3NmbOQ==/com.fletcher.fletcher-Kc5mD-tc021v0efOeXAzQw==/base.apk): ok
02-26 21:30:27.947  8428  8445 D FlutterJNI: flutter (null) was loaded normally!
02-26 21:30:27.958  8428  8443 I EGL_emulation: Opening libGLESv1_CM_emulation.so
02-26 21:30:27.958  8428  8443 I EGL_emulation: Opening libGLESv2_emulation.so
02-26 21:30:27.962  8428  8443 W HWUI    : Failed to choose config with EGL_SWAP_BEHAVIOR_PRESERVED, retrying without...
02-26 21:30:27.962  8428  8443 W HWUI    : Failed to initialize 101010-2 format, error = EGL_SUCCESS
02-26 21:30:28.183  8428  8446 I ResourceExtractor: Extracted baseline resource assets/flutter_assets/kernel_blob.bin
02-26 21:30:28.183  8428  8446 I ResourceExtractor: Extracted baseline resource assets/flutter_assets/vm_snapshot_data
02-26 21:30:28.220  8428  8446 I ResourceExtractor: Extracted baseline resource assets/flutter_assets/isolate_snapshot_data
02-26 21:30:28.226  8428  8428 I etcher.fletcher: AssetManager2(0x73418645d8f8) locale list changing from [] to [en-US]
02-26 21:30:28.228  8428  8428 W etcher.fletcher: type=1400 audit(0.0:44): avc:  denied  { read } for  name="max_map_count" dev="proc" ino=144186 scontext=u:r:untrusted_app:s0:c217,c256,c512,c768 tcontext=u:object_r:proc_max_map_count:s0 tclass=file permissive=0 app=com.fletcher.fletcher
02-26 21:30:28.240  8428  8428 D DesktopModeFlags: Toggle override initialized to: OVERRIDE_UNSET
02-26 21:30:28.256  8428  8448 I flutter : [IMPORTANT:flutter/shell/platform/android/android_context_gl_impeller.cc(104)] Using the Impeller rendering backend (OpenGLES).
02-26 21:30:28.287  8428  8455 I flutter : The Dart VM service is listening on http://127.0.0.1:36445/_Hhc_bpefAw=/
02-26 21:30:28.478  8428  8428 I etcher.fletcher: hiddenapi: Accessing hidden method Landroid/view/accessibility/AccessibilityNodeInfo;->getSourceNodeId()J (runtime_flags=0, domain=platform, api=unsupported,test-api) from Lio/flutter/view/AccessibilityViewEmbedder$ReflectionAccessors; (domain=app) using reflection: allowed
02-26 21:30:28.478  8428  8428 I etcher.fletcher: hiddenapi: Accessing hidden method Landroid/view/accessibility/AccessibilityRecord;->getSourceNodeId()J (runtime_flags=0, domain=platform, api=unsupported) from Lio/flutter/view/AccessibilityViewEmbedder$ReflectionAccessors; (domain=app) using reflection: allowed
02-26 21:30:28.478  8428  8428 I etcher.fletcher: hiddenapi: Accessing hidden field Landroid/view/accessibility/AccessibilityNodeInfo;->mChildNodeIds:Landroid/util/LongArray; (runtime_flags=0, domain=platform, api=unsupported) from Lio/flutter/view/AccessibilityViewEmbedder$ReflectionAccessors; (domain=app) using reflection: allowed
02-26 21:30:28.479  8428  8428 I etcher.fletcher: hiddenapi: Accessing hidden method Landroid/util/LongArray;->get(I)J (runtime_flags=0, domain=platform, api=unsupported) from Lio/flutter/view/AccessibilityViewEmbedder$ReflectionAccessors; (domain=app) using reflection: allowed
02-26 21:30:28.489  8428  8428 D CompatChangeReporter: Compat change id reported: 377864165; UID 10217; state: ENABLED
02-26 21:30:28.497  8428  8428 W HWUI    : Unknown dataspace 0
02-26 21:30:28.565  8428  8428 D AudioSystem: onNewService: media.audio_policy service obtained 0x734266462d50
02-26 21:30:28.569  8428  8428 D AudioSystem: getService: checking for service media.audio_policy: 0x734266462d50
02-26 21:30:28.905  8428  8428 I Choreographer: Skipped 59 frames!  The application may be doing too much work on its main thread.
02-26 21:30:28.910  8428  8428 I WindowExtensionsImpl: Initializing Window Extensions, vendor API level=9, activity embedding enabled=true
02-26 21:30:28.919  8428  8433 I etcher.fletcher: Compiler allocated 5042KB to compile void android.view.ViewRootImpl.performTraversals()
02-26 21:30:29.061  8428  8428 W FlutterWebRTCPlugin: audioFocusChangeListener [Speakerphone(name=Speakerphone)] Speakerphone(name=Speakerphone)
02-26 21:30:29.136  8428  8428 I org.webrtc.Logging: NativeLibrary: Loading native library: jingle_peerconnection_so
02-26 21:30:29.136  8428  8428 I org.webrtc.Logging: NativeLibrary: Loading library: jingle_peerconnection_so
02-26 21:30:29.140  8428  8428 D nativeloader: Load /data/app/~~Bx8GkgqM_bTtL4tr3NmbOQ==/com.fletcher.fletcher-Kc5mD-tc021v0efOeXAzQw==/base.apk!/lib/x86_64/libjingle_peerconnection_so.so using class loader ns clns-9 (caller=/data/app/~~Bx8GkgqM_bTtL4tr3NmbOQ==/com.fletcher.fletcher-Kc5mD-tc021v0efOeXAzQw==/base.apk): ok
02-26 21:30:29.146  8428  8428 D AudioSystem: onNewServiceWithAdapter: media.audio_flinger service obtained 0x7341e64ca080
02-26 21:30:29.148  8428  8428 D AudioSystem: getService: checking for service media.audio_flinger: 0x7342664bd610
02-26 21:30:29.204  8428  8428 D WindowLayoutComponentImpl: Register WindowLayoutInfoListener on Context=com.fletcher.fletcher.MainActivity@10be7c1, of which baseContext=android.app.ContextImpl@5e1a4ec
02-26 21:30:29.288  8428  8428 D InsetsController: hide(ime(), fromIme=false)
02-26 21:30:29.288  8428  8428 I ImeTracker: com.fletcher.fletcher:a45725e4: onCancelled at PHASE_CLIENT_ALREADY_HIDDEN
02-26 21:30:29.500  8428  8472 D FlutterWebRTCPlugin: onIceGatheringChangeGATHERING
02-26 21:30:29.503  8428  8472 D FlutterWebRTCPlugin: onIceCandidate
02-26 21:30:29.503  8428  8472 D FlutterWebRTCPlugin: onIceCandidate
02-26 21:30:29.507  8428  8472 D FlutterWebRTCPlugin: onIceCandidate
02-26 21:30:29.508  8428  8472 D FlutterWebRTCPlugin: onIceCandidate
02-26 21:30:29.523  8428  8472 D FlutterWebRTCPlugin: onConnectionChangeCONNECTING
02-26 21:30:29.552  8428  8472 D FlutterWebRTCPlugin: onIceCandidate
02-26 21:30:29.579  8428  8428 D MediaConstraintsUtils: mandatory constraints are not a map
02-26 21:30:29.579  8428  8428 D MediaConstraintsUtils: optional constraints are not an array
02-26 21:30:29.604  8428  8472 D FlutterWebRTCPlugin: onIceCandidate
02-26 21:30:29.604  8428  8472 D FlutterWebRTCPlugin: onIceCandidate
02-26 21:30:29.609  8428  8472 D FlutterWebRTCPlugin: onIceCandidate
02-26 21:30:29.610  8428  8472 D FlutterWebRTCPlugin: onIceCandidate
02-26 21:30:29.616  8428  8472 D FlutterWebRTCPlugin: onIceCandidate
02-26 21:30:29.627  8428  8472 D FlutterWebRTCPlugin: onIceGatheringChangeGATHERING
02-26 21:30:29.628  8428  8472 D FlutterWebRTCPlugin: onIceCandidate
02-26 21:30:29.628  8428  8472 D FlutterWebRTCPlugin: onIceCandidate
02-26 21:30:29.628  8428  8472 D FlutterWebRTCPlugin: onIceCandidate
02-26 21:30:29.628  8428  8472 D FlutterWebRTCPlugin: onIceCandidate
02-26 21:30:29.632  8428  8472 D FlutterWebRTCPlugin: onIceCandidate
02-26 21:30:29.648  8428  8472 D FlutterWebRTCPlugin: onSelectedCandidatePairChanged
02-26 21:30:29.648  8428  8472 D FlutterWebRTCPlugin: onIceGatheringChangeCOMPLETE
02-26 21:30:29.658  8428  8472 D FlutterWebRTCPlugin: onIceCandidate
02-26 21:30:29.662  8428  8472 D FlutterWebRTCPlugin: onConnectionChangeCONNECTING
02-26 21:30:29.728  8428  8472 D FlutterWebRTCPlugin: onIceCandidate
02-26 21:30:29.729  8428  8472 D FlutterWebRTCPlugin: onIceCandidate
02-26 21:30:29.730  8428  8472 D FlutterWebRTCPlugin: onIceCandidate
02-26 21:30:29.736  8428  8472 D FlutterWebRTCPlugin: onIceCandidate
02-26 21:30:29.759  8428  8472 D FlutterWebRTCPlugin: onConnectionChangeCONNECTED
02-26 21:30:29.780  8428  8428 D MediaConstraintsUtils: mandatory constraints are not a map
02-26 21:30:29.780  8428  8428 I FlutterWebRTCPlugin: getUserMedia(audio): mandatory: [], optional: [echoCancellation: true, noiseSuppression: true, autoGainControl: true, voiceIsolation: true, googDAEchoCancellation: true, googEchoCancellation: true, googEchoCancellation2: true, googNoiseSuppression: true, googNoiseSuppression2: true, googAutoGainControl: true, googHighpassFilter: false, googTypingNoiseDetection: true]
02-26 21:30:29.784  8428  8428 D FlutterWebRTCPlugin: MediaStream id: a9d87f1a-9a89-4331-a9af-a2d6266b53e0
02-26 21:30:29.787  8428  8472 D FlutterWebRTCPlugin: onSelectedCandidatePairChanged
02-26 21:30:29.787  8428  8472 D FlutterWebRTCPlugin: onIceGatheringChangeCOMPLETE
02-26 21:30:29.818  8428  8472 D FlutterWebRTCPlugin: onAddTrack
02-26 21:30:29.819  8428  8472 D FlutterWebRTCPlugin: onAddTrack
02-26 21:30:29.831  8428  8428 I flutter : Subscribed to audio track
02-26 21:30:29.841  8428  8428 I flutter : Subscribed to audio track
02-26 21:30:30.120  8428  8472 D FlutterWebRTCPlugin: onConnectionChangeCONNECTED
02-26 21:30:30.131  8428  8428 D MediaConstraintsUtils: mandatory constraints are not a map
02-26 21:30:30.131  8428  8428 D MediaConstraintsUtils: optional constraints are not an array
02-26 21:30:34.849  8428  8675 D ProfileInstaller: Installing profile for com.fletcher.fletcher
