--------- beginning of main
02-26 21:20:44.269  7471  7471 I etcher.fletcher: Late-enabling -Xcheck:jni
02-26 21:20:44.293  7471  7471 I etcher.fletcher: Using CollectorTypeCMC GC.
02-26 21:20:44.294  7471  7471 W etcher.fletcher: Unexpected CPU variant for x86: x86_64.
02-26 21:20:44.294  7471  7471 W etcher.fletcher: Known variants: atom, sandybridge, silvermont, goldmont, goldmont-plus, goldmont-without-sha-xsaves, tremont, kabylake, alderlake, default
02-26 21:20:44.300  7471  7471 D nativeloader: Load libframework-connectivity-tiramisu-jni.so using APEX ns com_android_tethering for caller /apex/com.android.tethering/javalib/framework-connectivity-t.jar: ok
02-26 21:20:44.324  7471  7471 D ApplicationLoaders: Returning zygote-cached class loader: /system_ext/framework/androidx.window.extensions.jar
02-26 21:20:44.324  7471  7471 D ApplicationLoaders: Returning zygote-cached class loader: /system_ext/framework/androidx.window.sidecar.jar
02-26 21:20:44.390  7471  7471 D nativeloader: Configuring clns-9 for other apk /data/app/~~lxbHFx66OXMz4n12l-_RUg==/com.fletcher.fletcher-eeBQbkfbC5i8_CF2BLVVog==/base.apk. target_sdk_version=36, uses_libraries=, library_path=/data/app/~~lxbHFx66OXMz4n12l-_RUg==/com.fletcher.fletcher-eeBQbkfbC5i8_CF2BLVVog==/lib/x86_64:/data/app/~~lxbHFx66OXMz4n12l-_RUg==/com.fletcher.fletcher-eeBQbkfbC5i8_CF2BLVVog==/base.apk!/lib/x86_64, permitted_path=/data:/mnt/expand:/data/user/0/com.fletcher.fletcher
02-26 21:20:44.392  7471  7471 I etcher.fletcher: AssetManager2(0x734186461458) locale list changing from [] to [en-US]
02-26 21:20:44.398  7471  7471 V GraphicsEnvironment: Currently set values for:
02-26 21:20:44.398  7471  7471 V GraphicsEnvironment:   angle_gl_driver_selection_pkgs=[]
02-26 21:20:44.398  7471  7471 V GraphicsEnvironment:   angle_gl_driver_selection_values=[]
02-26 21:20:44.398  7471  7471 V GraphicsEnvironment: com.fletcher.fletcher is not listed in per-application setting
02-26 21:20:44.398  7471  7471 V GraphicsEnvironment: ANGLE allowlist from config: com.dreamgames.royalmatch com.dts.freefiremax com.dxx.firenow com.gramgames.mergedragons com.ludo.king com.mojang.minecraftpe com.my.defense com.nintendo.zaka com.os.airforce com.playrix.fishdomdd.gplay io.teslatech.callbreak jp.konami.prospia net.peakgames.toonblast
02-26 21:20:44.398  7471  7471 V GraphicsEnvironment: com.fletcher.fletcher is not listed in ANGLE allowlist or settings, returning default
02-26 21:20:44.398  7471  7471 V GraphicsEnvironment: Neither updatable production driver nor prerelease driver is supported.
--------- beginning of system
02-26 21:20:44.405  7471  7486 I DisplayManager: Choreographer implicitly registered for the refresh rate.
02-26 21:20:44.406  7471  7471 I etcher.fletcher: AssetManager2(0x734186453cb8) locale list changing from [] to [en-US]
02-26 21:20:44.408  7471  7471 E ashmem  : Pinning is deprecated since Android Q. Please use trim or other methods.
02-26 21:20:44.418  7471  7488 D FlutterJNI: Beginning load of flutter...
02-26 21:20:44.420  7471  7489 I ResourceExtractor: Found extracted resources res_timestamp-1-1772164205337
02-26 21:20:44.426  7471  7488 D nativeloader: Load /data/app/~~lxbHFx66OXMz4n12l-_RUg==/com.fletcher.fletcher-eeBQbkfbC5i8_CF2BLVVog==/base.apk!/lib/x86_64/libflutter.so using class loader ns clns-9 (caller=/data/app/~~lxbHFx66OXMz4n12l-_RUg==/com.fletcher.fletcher-eeBQbkfbC5i8_CF2BLVVog==/base.apk): ok
02-26 21:20:44.429  7471  7486 I EGL_emulation: Opening libGLESv1_CM_emulation.so
02-26 21:20:44.429  7471  7488 D FlutterJNI: flutter (null) was loaded normally!
02-26 21:20:44.429  7471  7486 I EGL_emulation: Opening libGLESv2_emulation.so
02-26 21:20:44.445  7471  7471 I etcher.fletcher: AssetManager2(0x73418645b698) locale list changing from [] to [en-US]
02-26 21:20:44.446  7471  7486 W HWUI    : Failed to choose config with EGL_SWAP_BEHAVIOR_PRESERVED, retrying without...
02-26 21:20:44.446  7471  7486 W HWUI    : Failed to initialize 101010-2 format, error = EGL_SUCCESS
02-26 21:20:44.444  7471  7471 W etcher.fletcher: type=1400 audit(0.0:35): avc:  denied  { read } for  name="max_map_count" dev="proc" ino=18837 scontext=u:r:untrusted_app:s0:c217,c256,c512,c768 tcontext=u:object_r:proc_max_map_count:s0 tclass=file permissive=0 app=com.fletcher.fletcher
02-26 21:20:44.471  7471  7471 D DesktopModeFlags: Toggle override initialized to: OVERRIDE_UNSET
02-26 21:20:44.486  7471  7491 I flutter : [IMPORTANT:flutter/shell/platform/android/android_context_gl_impeller.cc(104)] Using the Impeller rendering backend (OpenGLES).
02-26 21:20:44.515  7471  7498 I flutter : The Dart VM service is listening on http://127.0.0.1:38627/jl9wGYvd83c=/
02-26 21:20:44.668  7471  7471 I etcher.fletcher: hiddenapi: Accessing hidden method Landroid/view/accessibility/AccessibilityNodeInfo;->getSourceNodeId()J (runtime_flags=0, domain=platform, api=unsupported,test-api) from Lio/flutter/view/AccessibilityViewEmbedder$ReflectionAccessors; (domain=app) using reflection: allowed
02-26 21:20:44.668  7471  7471 I etcher.fletcher: hiddenapi: Accessing hidden method Landroid/view/accessibility/AccessibilityRecord;->getSourceNodeId()J (runtime_flags=0, domain=platform, api=unsupported) from Lio/flutter/view/AccessibilityViewEmbedder$ReflectionAccessors; (domain=app) using reflection: allowed
02-26 21:20:44.668  7471  7471 I etcher.fletcher: hiddenapi: Accessing hidden field Landroid/view/accessibility/AccessibilityNodeInfo;->mChildNodeIds:Landroid/util/LongArray; (runtime_flags=0, domain=platform, api=unsupported) from Lio/flutter/view/AccessibilityViewEmbedder$ReflectionAccessors; (domain=app) using reflection: allowed
02-26 21:20:44.669  7471  7471 I etcher.fletcher: hiddenapi: Accessing hidden method Landroid/util/LongArray;->get(I)J (runtime_flags=0, domain=platform, api=unsupported) from Lio/flutter/view/AccessibilityViewEmbedder$ReflectionAccessors; (domain=app) using reflection: allowed
02-26 21:20:44.675  7471  7471 D CompatChangeReporter: Compat change id reported: 377864165; UID 10217; state: ENABLED
02-26 21:20:44.679  7471  7471 W HWUI    : Unknown dataspace 0
02-26 21:20:44.757  7471  7471 D AudioSystem: onNewService: media.audio_policy service obtained 0x7342664c70c0
02-26 21:20:44.758  7471  7471 D AudioSystem: getService: checking for service media.audio_policy: 0x7342664c70c0
02-26 21:20:45.379  7471  7471 I Choreographer: Skipped 57 frames!  The application may be doing too much work on its main thread.
02-26 21:20:45.385  7471  7471 I WindowExtensionsImpl: Initializing Window Extensions, vendor API level=9, activity embedding enabled=true
02-26 21:20:45.396  7471  7475 I etcher.fletcher: Compiler allocated 5042KB to compile void android.view.ViewRootImpl.performTraversals()
02-26 21:20:45.529  7471  7471 W FlutterWebRTCPlugin: audioFocusChangeListener [Speakerphone(name=Speakerphone)] Speakerphone(name=Speakerphone)
02-26 21:20:45.600  7471  7471 I org.webrtc.Logging: NativeLibrary: Loading native library: jingle_peerconnection_so
02-26 21:20:45.600  7471  7471 I org.webrtc.Logging: NativeLibrary: Loading library: jingle_peerconnection_so
02-26 21:20:45.605  7471  7471 D nativeloader: Load /data/app/~~lxbHFx66OXMz4n12l-_RUg==/com.fletcher.fletcher-eeBQbkfbC5i8_CF2BLVVog==/base.apk!/lib/x86_64/libjingle_peerconnection_so.so using class loader ns clns-9 (caller=/data/app/~~lxbHFx66OXMz4n12l-_RUg==/com.fletcher.fletcher-eeBQbkfbC5i8_CF2BLVVog==/base.apk): ok
02-26 21:20:45.608  7471  7471 D AudioSystem: onNewServiceWithAdapter: media.audio_flinger service obtained 0x7341e64bea10
02-26 21:20:45.609  7471  7471 D AudioSystem: getService: checking for service media.audio_flinger: 0x7342664ebec0
02-26 21:20:45.650  7471  7471 D WindowLayoutComponentImpl: Register WindowLayoutInfoListener on Context=com.fletcher.fletcher.MainActivity@555cc45, of which baseContext=android.app.ContextImpl@6017cc0
02-26 21:20:45.737  7471  7471 D InsetsController: hide(ime(), fromIme=false)
02-26 21:20:45.737  7471  7471 I ImeTracker: com.fletcher.fletcher:b057b715: onCancelled at PHASE_CLIENT_ALREADY_HIDDEN
02-26 21:20:46.013  7471  7516 D FlutterWebRTCPlugin: onAddTrack
02-26 21:20:46.014  7471  7516 D FlutterWebRTCPlugin: onAddTrack
02-26 21:20:46.036  7471  7471 I flutter : Subscribed to audio track
02-26 21:20:46.039  7471  7471 I flutter : Subscribed to audio track
02-26 21:20:46.043  7471  7471 D MediaConstraintsUtils: mandatory constraints are not a map
02-26 21:20:46.043  7471  7471 D MediaConstraintsUtils: optional constraints are not an array
02-26 21:20:46.343  7471  7516 D FlutterWebRTCPlugin: onIceGatheringChangeGATHERING
02-26 21:20:46.346  7471  7516 D FlutterWebRTCPlugin: onIceGatheringChangeGATHERING
02-26 21:20:46.346  7471  7516 D FlutterWebRTCPlugin: onIceCandidate
02-26 21:20:46.346  7471  7516 D FlutterWebRTCPlugin: onIceCandidate
02-26 21:20:46.346  7471  7516 D FlutterWebRTCPlugin: onIceCandidate
02-26 21:20:46.346  7471  7516 D FlutterWebRTCPlugin: onIceCandidate
02-26 21:20:46.347  7471  7516 D FlutterWebRTCPlugin: onIceCandidate
02-26 21:20:46.347  7471  7516 D FlutterWebRTCPlugin: onIceCandidate
02-26 21:20:46.347  7471  7516 D FlutterWebRTCPlugin: onIceCandidate
02-26 21:20:46.347  7471  7516 D FlutterWebRTCPlugin: onIceCandidate
02-26 21:20:46.370  7471  7516 D FlutterWebRTCPlugin: onConnectionChangeCONNECTING
02-26 21:20:46.375  7471  7516 D FlutterWebRTCPlugin: onIceCandidate
02-26 21:20:46.375  7471  7516 D FlutterWebRTCPlugin: onIceCandidate
02-26 21:20:46.403  7471  7516 D FlutterWebRTCPlugin: onConnectionChangeCONNECTING
02-26 21:20:46.449  7471  7516 D FlutterWebRTCPlugin: onIceCandidate
02-26 21:20:46.451  7471  7516 D FlutterWebRTCPlugin: onIceCandidate
02-26 21:20:46.454  7471  7516 D FlutterWebRTCPlugin: onIceCandidate
02-26 21:20:46.455  7471  7516 D FlutterWebRTCPlugin: onIceCandidate
02-26 21:20:46.456  7471  7516 D FlutterWebRTCPlugin: onIceCandidate
02-26 21:20:46.457  7471  7516 D FlutterWebRTCPlugin: onIceCandidate
02-26 21:20:46.458  7471  7516 D FlutterWebRTCPlugin: onIceCandidate
02-26 21:20:46.458  7471  7516 D FlutterWebRTCPlugin: onIceCandidate
02-26 21:20:46.464  7471  7516 D FlutterWebRTCPlugin: onIceCandidate
02-26 21:20:46.466  7471  7516 D FlutterWebRTCPlugin: onIceCandidate
02-26 21:20:46.496  7471  7516 D FlutterWebRTCPlugin: onSelectedCandidatePairChanged
02-26 21:20:46.497  7471  7516 D FlutterWebRTCPlugin: onIceGatheringChangeCOMPLETE
02-26 21:20:46.517  7471  7516 D FlutterWebRTCPlugin: onIceCandidate
02-26 21:20:46.536  7471  7516 D FlutterWebRTCPlugin: onSelectedCandidatePairChanged
02-26 21:20:46.536  7471  7516 D FlutterWebRTCPlugin: onIceGatheringChangeCOMPLETE
02-26 21:20:46.605  7471  7516 D FlutterWebRTCPlugin: onConnectionChangeCONNECTED
02-26 21:20:46.613  7471  7516 D FlutterWebRTCPlugin: onConnectionChangeCONNECTED
02-26 21:20:46.624  7471  7471 D MediaConstraintsUtils: mandatory constraints are not a map
02-26 21:20:46.624  7471  7471 I FlutterWebRTCPlugin: getUserMedia(audio): mandatory: [], optional: [echoCancellation: true, noiseSuppression: true, autoGainControl: true, voiceIsolation: true, googDAEchoCancellation: true, googEchoCancellation: true, googEchoCancellation2: true, googNoiseSuppression: true, googNoiseSuppression2: true, googAutoGainControl: true, googHighpassFilter: false, googTypingNoiseDetection: true]
02-26 21:20:46.626  7471  7471 D FlutterWebRTCPlugin: MediaStream id: 925ac710-a01c-49fc-88ff-10f4243075cb
02-26 21:20:46.745  7471  7471 D MediaConstraintsUtils: mandatory constraints are not a map
02-26 21:20:46.745  7471  7471 D MediaConstraintsUtils: optional constraints are not an array
02-26 21:20:51.119  7471  7718 D ProfileInstaller: Installing profile for com.fletcher.fletcher
